// Jest Snapshot v1, https://goo.gl/fbAQLP

exports[`<Card /> should render the heading 1`] = `
.c0 {
  display: -webkit-box;
  display: -webkit-flex;
  display: -ms-flexbox;
  display: flex;
  -webkit-flex-direction: column;
  -ms-flex-direction: column;
  flex-direction: column;
  width: 100%;
  background: #FFFFFF;
  padding: 3.2rem 2.4rem;
  border: 1px solid #F4F4F4;
  border-radius: 0.5rem;
  box-shadow: 0px 2px 4px #1932413F;
}

<div
  class="c0"
>
  <span>
    Hub do Investidor
  </span>
</div>
`;
