// Jest Snapshot v1, https://goo.gl/fbAQLP

exports[`<TextField /> Renders with error 1`] = `
.c7 {
  display: inline-block;
  vertical-align: middle;
  overflow: hidden;
}

.c4 {
  display: -webkit-box;
  display: -webkit-flex;
  display: -ms-flexbox;
  display: flex;
  -webkit-align-items: center;
  -webkit-box-align: center;
  -ms-flex-align: center;
  align-items: center;
  background: #F4F4F4;
  border-radius: 0.5rem;
  padding: 0 1.6rem;
  border-color: #F4F4F4;
}

.c4:focus-within {
  box-shadow: 0 0 0.5rem #193241;
}

.c8 {
  color: #193241;
  font-family: Poppins,-apple-system,BlinkMacSystemFont,'Segoe UI',Roboto,Oxygen,Ubuntu,Cantarell,'Open Sans','Helvetica Neue',sans-serif;
  font-size: 1.6rem;
  padding: 0.8rem 0;
  background: transparent;
  border: 0;
  outline: none;
  padding-left: 1.6rem;
  padding-: 0;
  width: 100%;
}

.c8:-webkit-autofill {
  -webkit-box-shadow: 0 0 0 2.4rem #F4F4F4 inset;
  -webkit-filter: none;
  filter: none;
}

.c8:-webkit-autofill::first-line {
  font-family: Poppins,-apple-system,BlinkMacSystemFont,'Segoe UI',Roboto,Oxygen,Ubuntu,Cantarell,'Open Sans','Helvetica Neue',sans-serif;
  font-size: 1.6rem;
}

.c2 {
  font-size: 1.4rem;
  color: #193241;
  cursor: pointer;
}

.c6 {
  display: -webkit-box;
  display: -webkit-flex;
  display: -ms-flexbox;
  display: flex;
  color: #193241;
  -webkit-order: 0;
  -ms-flex-order: 0;
  order: 0;
}

.c6 > svg {
  width: 2.2rem;
  height: 100%;
}

.c6 span {
  padding: 0;
}

.c9 {
  color: #EE1010;
  font-size: 1.2rem;
}

.c0 .c3 {
  border-color: #EE1010;
}

.c0 .c5,
.c0 .c1 {
  color: #EE1010;
}

<div
  class="c0"
>
  <label
    class="c1 c2"
  >
    TextField
  </label>
  <div
    class="c3 c4"
  >
    <div
      class="c5 c6"
    >
      <svg
        aria-hidden="true"
        class="c7"
        data-testid="icon"
        fill="none"
        focusable="false"
        stroke="currentColor"
        stroke-linecap="round"
        stroke-linejoin="round"
        viewBox="0 0 24 24"
        xmlns="http://www.w3.org/2000/svg"
      >
        <path
          d="M4 4h16c1.1 0 2 .9 2 2v12c0 1.1-.9 2-2 2H4c-1.1 0-2-.9-2-2V6c0-1.1.9-2 2-2z"
        />
        <polyline
          points="22,6 12,13 2,6"
        />
      </svg>
    </div>
    <input
      class="c8"
      type="text"
      value=""
    />
  </div>
  <p
    class="c9"
  >
    Error message
  </p>
</div>
`;
